Training on: cuda  (NVIDIA RTX 4000 SFF Ada Generation)
Workers for data loading: 8 (RAM-cache + fork)

Loading datasets into RAM (one-time cost):
  Caching 94104 images into RAM ...
  Cached 94104 images.

  Caching 20165 images into RAM ...
  Cached 20165 images.

  Caching 20166 images into RAM ...
  Cached 20166 images.

Classes (12): ['backdoor', 'benign', 'cryptominer', 'downloader', 'dropper', 'informationstealer', 'other', 'pua', 'ransomware', 'trojan', 'virus', 'worm']
Samples  — train: 94104  val: 20165  test: 20166

No checkpoint found — starting from scratch.

Early stopping patience: 10 epochs

Epoch  Train Loss  Train Acc  Val Loss  Val Acc          LR    Time
------------------------------------------------------------------------
    1      2.1928    55.46%    1.2690   60.43%    1.00e-03     48s
         -> New best saved (val_acc=60.43%)
    2      1.2403    63.37%    1.1673   65.26%    1.00e-03     33s
         -> New best saved (val_acc=65.26%)
    3      1.0641    69.42%    1.9649   58.18%    9.99e-04     33s
         -> No improvement (1/10)
    4      0.9067    76.57%    0.8478   78.14%    9.98e-04     33s
         -> New best saved (val_acc=78.14%)
    5      0.8142    81.36%    2.5183   33.33%    9.96e-04     34s
         -> No improvement (1/10)
    6      0.7608    84.27%    0.6710   86.85%    9.94e-04     33s
         -> New best saved (val_acc=86.85%)
    7      0.7193    86.19%    2.1424   61.08%    9.91e-04     33s
         -> No improvement (1/10)
    8      0.6850    87.57%    0.8384   78.92%    9.88e-04     33s
         -> No improvement (2/10)
    9      0.6704    88.28%    1.2463   69.94%    9.84e-04     33s
         -> No improvement (3/10)
   10      0.6554    88.79%    0.7791   84.68%    9.80e-04     33s
         -> No improvement (4/10)
   11      0.6403    89.40%    0.6467   89.05%    9.76e-04     33s
         -> New best saved (val_acc=89.05%)
   12      0.6222    90.05%    1.4666   62.87%    9.70e-04     33s
         -> No improvement (1/10)
   13      0.6132    90.31%    0.5343   92.11%    9.65e-04     33s
         -> New best saved (val_acc=92.11%)
   14      0.6003    90.70%    1.2344   67.51%    9.59e-04     35s
         -> No improvement (1/10)
   15      0.5932    91.01%    0.5139   92.90%    9.52e-04     35s
         -> New best saved (val_acc=92.90%)
   16      0.5941    90.89%    0.6063   89.25%    9.46e-04     35s
         -> No improvement (1/10)
   17      0.5859    91.23%    0.8459   81.61%    9.38e-04     35s
         -> No improvement (2/10)
   18      0.5774    91.50%    0.6861   87.61%    9.30e-04     35s
         -> No improvement (3/10)
   19      0.5723    91.61%    0.8764   82.77%    9.22e-04     35s
         -> No improvement (4/10)
   20      0.5673    91.86%    0.5913   90.00%    9.14e-04     35s
         -> No improvement (5/10)
   21      0.5597    92.03%    0.5451   91.64%    9.05e-04     35s
         -> No improvement (6/10)
   22      0.5545    92.20%    0.5850   89.47%    8.95e-04     35s
         -> No improvement (7/10)
   23      0.5507    92.23%    0.6314   86.92%    8.85e-04     35s
         -> No improvement (8/10)
   24      0.5448    92.46%    1.6897   57.79%    8.75e-04     35s
         -> No improvement (9/10)
   25      0.5421    92.56%    1.9515   57.44%    8.65e-04     35s
         -> No improvement (10/10)

Early stopping triggered at epoch 25.

Training history saved to /home/tobin/Desktop/Polar/Polar_Mal/data/models/greyscale/v3/training_history.csv

Loading best model from /home/tobin/Desktop/Polar/Polar_Mal/data/models/greyscale/v3/best_model.pth
Test loss: 0.5123  Test accuracy: 92.97%
Best val accuracy at epoch 15: 92.90%
